../Core/Src/Data_Collect.c:30:5:Data_Collect	8	static
../Core/Src/Data_Collect.c:49:5:Key_Switch	8	static
../Core/Src/Data_Collect.c:86:9:adc_collect	16	static
../Core/Src/Data_Collect.c:110:10:gps_collect	8	static
../Core/Src/Data_Collect.c:139:6:gps_decode	712	static
../Core/Src/Data_Collect.c:231:5:parse_position_data	120	static
../Core/Src/Data_Collect.c:255:10:Inertial_Navigation_Collect	344	static
../Core/Src/Data_Collect.c:326:10:Laser_Navigation_Collect	8	static
../Core/Src/Data_Collect.c:346:6:ParseLaserJSON	328	static
../Core/Src/Data_Collect.c:405:9:bytesToShort	24	static
../Core/Src/Data_Collect.c:411:9:bytesToLong	24	static
