../Core/Src/Data_Collect.c:30:5:Data_Collect	8	static
../Core/Src/Data_Collect.c:49:5:Key_Switch	8	static
../Core/Src/Data_Collect.c:86:9:adc_collect	16	static
../Core/Src/Data_Collect.c:110:10:gps_collect	8	static
../Core/Src/Data_Collect.c:139:6:gps_decode	760	static
../Core/Src/Data_Collect.c:213:5:parse_position_data	120	static
../Core/Src/Data_Collect.c:237:10:Inertial_Navigation_Collect	344	static
../Core/Src/Data_Collect.c:308:10:Laser_Navigation_Collect	8	static
../Core/Src/Data_Collect.c:328:6:ParseLaserJSON	328	static
../Core/Src/Data_Collect.c:387:9:bytesToShort	24	static
../Core/Src/Data_Collect.c:393:9:bytesToLong	24	static
