16:23:14 **** Incremental Build of configuration Debug for project XJDH_CLOUD ****
make -j16 all 
arm-none-eabi-gcc "../Core/Src/Data_Collect.c" -mcpu=cortex-m4 -std=gnu11 -g3 -DDEBUG -DUSE_HAL_DRIVER -DSTM32F405xx -c -I../Core/Inc -I../Drivers/STM32F4xx_HAL_Driver/Inc -I../Drivers/STM32F4xx_HAL_Driver/Inc/Legacy -I../Drivers/CMSIS/Device/ST/STM32F4xx/Include -I../Drivers/CMSIS/Include -O0 -ffunction-sections -fdata-sections -Wall -fstack-usage -fcyclomatic-complexity -MMD -MP -MF"Core/Src/Data_Collect.d" -MT"Core/Src/Data_Collect.o" --specs=nano.specs -mfpu=fpv4-sp-d16 -mfloat-abi=hard -mthumb -o "Core/Src/Data_Collect.o"
arm-none-eabi-gcc "../Core/Src/main.c" -mcpu=cortex-m4 -std=gnu11 -g3 -DDEBUG -DUSE_HAL_DRIVER -DSTM32F405xx -c -I../Core/Inc -I../Drivers/STM32F4xx_HAL_Driver/Inc -I../Drivers/STM32F4xx_HAL_Driver/Inc/Legacy -I../Drivers/CMSIS/Device/ST/STM32F4xx/Include -I../Drivers/CMSIS/Include -O0 -ffunction-sections -fdata-sections -Wall -fstack-usage -fcyclomatic-complexity -MMD -MP -MF"Core/Src/main.d" -MT"Core/Src/main.o" --specs=nano.specs -mfpu=fpv4-sp-d16 -mfloat-abi=hard -mthumb -o "Core/Src/main.o"
../Core/Src/Data_Collect.c: In function 'Key_Switch':
../Core/Src/Data_Collect.c:55:11: warning: implicit declaration of function 'Status_get_and_Powerset' [-Wimplicit-function-declaration]
   55 |           Status_get_and_Powerset(Get_KeyState());
      |           ^~~~~~~~~~~~~~~~~~~~~~~
../Core/Src/Data_Collect.c:55:35: warning: implicit declaration of function 'Get_KeyState' [-Wimplicit-function-declaration]
   55 |           Status_get_and_Powerset(Get_KeyState());
      |                                   ^~~~~~~~~~~~
../Core/Src/Data_Collect.c:60:11: warning: implicit declaration of function 'Status_get_and_Powerset_Blue' [-Wimplicit-function-declaration]
   60 |           Status_get_and_Powerset_Blue(Get_KeyState_Blue());
      |           ^~~~~~~~~~~~~~~~~~~~~~~~~~~~
../Core/Src/Data_Collect.c:60:40: warning: implicit declaration of function 'Get_KeyState_Blue' [-Wimplicit-function-declaration]
   60 |           Status_get_and_Powerset_Blue(Get_KeyState_Blue());
      |                                        ^~~~~~~~~~~~~~~~~
../Core/Src/Data_Collect.c: In function 'gps_collect':
../Core/Src/Data_Collect.c:103:11: warning: implicit declaration of function 'memset' [-Wimplicit-function-declaration]
  103 |           memset(rxu5_buffer, 0, sizeof(rxu5_buffer));
      |           ^~~~~~
../Core/Src/Data_Collect.c:19:1: note: include '<string.h>' or provide a declaration of 'memset'
   18 | #include "pid.h"
  +++ |+#include <string.h>
   19 | 
../Core/Src/Data_Collect.c:103:11: warning: incompatible implicit declaration of built-in function 'memset' [-Wbuiltin-declaration-mismatch]
  103 |           memset(rxu5_buffer, 0, sizeof(rxu5_buffer));
      |           ^~~~~~
../Core/Src/Data_Collect.c:103:11: note: include '<string.h>' or provide a declaration of 'memset'
../Core/Src/Data_Collect.c: In function 'gps_decode':
../Core/Src/Data_Collect.c:129:12: warning: implicit declaration of function 'strstr' [-Wimplicit-function-declaration]
  129 |         if(strstr(rxu5_buffer,"now_gps")!=NULL){
      |            ^~~~~~
../Core/Src/Data_Collect.c:129:12: note: include '<string.h>' or provide a declaration of 'strstr'
../Core/Src/Data_Collect.c:129:12: warning: incompatible implicit declaration of built-in function 'strstr' [-Wbuiltin-declaration-mismatch]
../Core/Src/Data_Collect.c:129:12: note: include '<string.h>' or provide a declaration of 'strstr'
../Core/Src/Data_Collect.c:129:19: warning: pointer targets in passing argument 1 of 'strstr' differ in signedness [-Wpointer-sign]
  129 |         if(strstr(rxu5_buffer,"now_gps")!=NULL){
      |                   ^~~~~~~~~~~
      |                   |
      |                   uint8_t * {aka unsigned char *}
../Core/Src/Data_Collect.c:129:19: note: expected 'const char *' but argument is of type 'uint8_t *' {aka 'unsigned char *'}
../Core/Src/Data_Collect.c:135:34: warning: implicit declaration of function 'strlen' [-Wimplicit-function-declaration]
  135 |                         token += strlen("now_gps:"); // 跳过 "now_gps:" 部分
      |                                  ^~~~~~
../Core/Src/Data_Collect.c:135:34: note: include '<string.h>' or provide a declaration of 'strlen'
../Core/Src/Data_Collect.c:135:34: warning: incompatible implicit declaration of built-in function 'strlen' [-Wbuiltin-declaration-mismatch]
../Core/Src/Data_Collect.c:135:34: note: include '<string.h>' or provide a declaration of 'strlen'
../Core/Src/Data_Collect.c:147:34: warning: incompatible implicit declaration of built-in function 'strlen' [-Wbuiltin-declaration-mismatch]
  147 |                         token += strlen("speed:"); // 跳过 "speed:" 部分
      |                                  ^~~~~~
../Core/Src/Data_Collect.c:147:34: note: include '<string.h>' or provide a declaration of 'strlen'
../Core/Src/Data_Collect.c:150:41: warning: pointer targets in passing argument 1 of 'sprintf' differ in signedness [-Wpointer-sign]
  150 |                 sprintf(board_config.gps.lat,"%f",lat);
      |                         ~~~~~~~~~~~~~~~~^~~~
      |                                         |
      |                                         uint8_t * {aka unsigned char *}
In file included from ../Core/Inc/can1.h:5,
                 from ../Core/Src/Data_Collect.c:11:
D:\soft\STM32CubeIDE_1.15.1\STM32CubeIDE\plugins\com.st.stm32cube.ide.mcu.externaltools.gnu-tools-for-stm32.12.3.rel1.win32_1.0.100.202403111256\tools\bin/../lib/gcc/arm-none-eabi/12.3.1/../../../../arm-none-eabi/include/stdio.h:250:18: note: expected 'char * restrict' but argument is of type 'uint8_t *' {aka 'unsigned char *'}
  250 | int     sprintf (char *__restrict, const char *__restrict, ...)
      |                  ^
../Core/Src/Data_Collect.c:151:41: warning: pointer targets in passing argument 1 of 'sprintf' differ in signedness [-Wpointer-sign]
  151 |                 sprintf(board_config.gps.lon,"%f",lon);
      |                         ~~~~~~~~~~~~~~~~^~~~
      |                                         |
      |                                         uint8_t * {aka unsigned char *}
D:\soft\STM32CubeIDE_1.15.1\STM32CubeIDE\plugins\com.st.stm32cube.ide.mcu.externaltools.gnu-tools-for-stm32.12.3.rel1.win32_1.0.100.202403111256\tools\bin/../lib/gcc/arm-none-eabi/12.3.1/../../../../arm-none-eabi/include/stdio.h:250:18: note: expected 'char * restrict' but argument is of type 'uint8_t *' {aka 'unsigned char *'}
  250 | int     sprintf (char *__restrict, const char *__restrict, ...)
      |                  ^
../Core/Src/Data_Collect.c:152:41: warning: pointer targets in passing argument 1 of 'sprintf' differ in signedness [-Wpointer-sign]
  152 |                 sprintf(board_config.gps.Speed,"%f",speed);
      |                         ~~~~~~~~~~~~~~~~^~~~~~
      |                                         |
      |                                         uint8_t * {aka unsigned char *}
D:\soft\STM32CubeIDE_1.15.1\STM32CubeIDE\plugins\com.st.stm32cube.ide.mcu.externaltools.gnu-tools-for-stm32.12.3.rel1.win32_1.0.100.202403111256\tools\bin/../lib/gcc/arm-none-eabi/12.3.1/../../../../arm-none-eabi/include/stdio.h:250:18: note: expected 'char * restrict' but argument is of type 'uint8_t *' {aka 'unsigned char *'}
  250 | int     sprintf (char *__restrict, const char *__restrict, ...)
      |                  ^
../Core/Src/Data_Collect.c:155:24: warning: pointer targets in passing argument 1 of 'strstr' differ in signedness [-Wpointer-sign]
  155 |         else if(strstr(rxu5_buffer,"Kp")!=NULL && strstr(rxu5_buffer,"Ki")!=NULL && strstr(rxu5_buffer,"Kd")!=NULL && strstr(rxu5_buffer,"Lon2")!=NULL){
      |                        ^~~~~~~~~~~
      |                        |
      |                        uint8_t * {aka unsigned char *}
../Core/Src/Data_Collect.c:155:24: note: expected 'const char *' but argument is of type 'uint8_t *' {aka 'unsigned char *'}
../Core/Src/Data_Collect.c:155:58: warning: pointer targets in passing argument 1 of 'strstr' differ in signedness [-Wpointer-sign]
  155 |         else if(strstr(rxu5_buffer,"Kp")!=NULL && strstr(rxu5_buffer,"Ki")!=NULL && strstr(rxu5_buffer,"Kd")!=NULL && strstr(rxu5_buffer,"Lon2")!=NULL){
      |                                                          ^~~~~~~~~~~
      |                                                          |
      |                                                          uint8_t * {aka unsigned char *}
../Core/Src/Data_Collect.c:155:58: note: expected 'const char *' but argument is of type 'uint8_t *' {aka 'unsigned char *'}
../Core/Src/Data_Collect.c:155:92: warning: pointer targets in passing argument 1 of 'strstr' differ in signedness [-Wpointer-sign]
  155 |         else if(strstr(rxu5_buffer,"Kp")!=NULL && strstr(rxu5_buffer,"Ki")!=NULL && strstr(rxu5_buffer,"Kd")!=NULL && strstr(rxu5_buffer,"Lon2")!=NULL){
      |                                                                                            ^~~~~~~~~~~
      |                                                                                            |
      |                                                                                            uint8_t * {aka unsigned char *}
../Core/Src/Data_Collect.c:155:92: note: expected 'const char *' but argument is of type 'uint8_t *' {aka 'unsigned char *'}
../Core/Src/Data_Collect.c:155:126: warning: pointer targets in passing argument 1 of 'strstr' differ in signedness [-Wpointer-sign]
  155 |         else if(strstr(rxu5_buffer,"Kp")!=NULL && strstr(rxu5_buffer,"Ki")!=NULL && strstr(rxu5_buffer,"Kd")!=NULL && strstr(rxu5_buffer,"Lon2")!=NULL){
      |                                                                                                                              ^~~~~~~~~~~
      |                                                                                                                              |
      |                                                                                                                              uint8_t * {aka unsigned char *}
../Core/Src/Data_Collect.c:155:126: note: expected 'const char *' but argument is of type 'uint8_t *' {aka 'unsigned char *'}
../Core/Src/Data_Collect.c:157:31: warning: implicit declaration of function 'strtok'; did you mean 'strtol'? [-Wimplicit-function-declaration]
  157 |                 char *token = strtok((char *)rxu5_buffer, ",");
      |                               ^~~~~~
      |                               strtol
../Core/Src/Data_Collect.c:157:31: warning: initialization of 'char *' from 'int' makes pointer from integer without a cast [-Wint-conversion]
../Core/Src/Data_Collect.c:184:31: warning: assignment to 'char *' from 'int' makes pointer from integer without a cast [-Wint-conversion]
  184 |                         token = strtok(NULL, ",");
      |                               ^
../Core/Src/Data_Collect.c:191:63: warning: pointer targets in passing argument 1 of 'sprintf' differ in signedness [-Wpointer-sign]
  191 |                         sprintf(board_config.gps.Target_gpslat[i],"%f",waypointss[i].latitude);
      |                                 ~~~~~~~~~~~~~~~~~~~~~~~~~~~~~~^~~
      |                                                               |
      |                                                               uint8_t * {aka unsigned char *}
D:\soft\STM32CubeIDE_1.15.1\STM32CubeIDE\plugins\com.st.stm32cube.ide.mcu.externaltools.gnu-tools-for-stm32.12.3.rel1.win32_1.0.100.202403111256\tools\bin/../lib/gcc/arm-none-eabi/12.3.1/../../../../arm-none-eabi/include/stdio.h:250:18: note: expected 'char * restrict' but argument is of type 'uint8_t *' {aka 'unsigned char *'}
  250 | int     sprintf (char *__restrict, const char *__restrict, ...)
      |                  ^
../Core/Src/Data_Collect.c:192:63: warning: pointer targets in passing argument 1 of 'sprintf' differ in signedness [-Wpointer-sign]
  192 |                         sprintf(board_config.gps.Target_gpslon[i],"%f",waypointss[i].longitude);
      |                                 ~~~~~~~~~~~~~~~~~~~~~~~~~~~~~~^~~
      |                                                               |
      |                                                               uint8_t * {aka unsigned char *}
D:\soft\STM32CubeIDE_1.15.1\STM32CubeIDE\plugins\com.st.stm32cube.ide.mcu.externaltools.gnu-tools-for-stm32.12.3.rel1.win32_1.0.100.202403111256\tools\bin/../lib/gcc/arm-none-eabi/12.3.1/../../../../arm-none-eabi/include/stdio.h:250:18: note: expected 'char * restrict' but argument is of type 'uint8_t *' {aka 'unsigned char *'}
  250 | int     sprintf (char *__restrict, const char *__restrict, ...)
      |                  ^
../Core/Src/Data_Collect.c:193:89: warning: pointer targets in passing argument 1 of 'atof' differ in signedness [-Wpointer-sign]
  193 |                         printf("lat:%f   lon:%f\r\n",atof(board_config.gps.Target_gpslat[i]),atof(board_config.gps.Target_gpslon[i]));
      |                                                           ~~~~~~~~~~~~~~~~~~~~~~~~~~~~~~^~~
      |                                                                                         |
      |                                                                                         uint8_t * {aka unsigned char *}
In file included from ../Core/Inc/main.h:35,
                 from ../Core/Inc/Data_Collect.h:11,
                 from ../Core/Src/Data_Collect.c:8:
D:\soft\STM32CubeIDE_1.15.1\STM32CubeIDE\plugins\com.st.stm32cube.ide.mcu.externaltools.gnu-tools-for-stm32.12.3.rel1.win32_1.0.100.202403111256\tools\bin/../lib/gcc/arm-none-eabi/12.3.1/../../../../arm-none-eabi/include/stdlib.h:77:27: note: expected 'const char *' but argument is of type 'uint8_t *' {aka 'unsigned char *'}
   77 | double  atof (const char *__nptr);
      |               ~~~~~~~~~~~~^~~~~~
../Core/Src/Data_Collect.c:193:129: warning: pointer targets in passing argument 1 of 'atof' differ in signedness [-Wpointer-sign]
  193 |                         printf("lat:%f   lon:%f\r\n",atof(board_config.gps.Target_gpslat[i]),atof(board_config.gps.Target_gpslon[i]));
      |                                                                                                   ~~~~~~~~~~~~~~~~~~~~~~~~~~~~~~^~~
      |                                                                                                                                 |
      |                                                                                                                                 uint8_t * {aka unsigned char *}
D:\soft\STM32CubeIDE_1.15.1\STM32CubeIDE\plugins\com.st.stm32cube.ide.mcu.externaltools.gnu-tools-for-stm32.12.3.rel1.win32_1.0.100.202403111256\tools\bin/../lib/gcc/arm-none-eabi/12.3.1/../../../../arm-none-eabi/include/stdlib.h:77:27: note: expected 'const char *' but argument is of type 'uint8_t *' {aka 'unsigned char *'}
   77 | double  atof (const char *__nptr);
      |               ~~~~~~~~~~~~^~~~~~
../Core/Src/Data_Collect.c:197:24: warning: pointer targets in passing argument 1 of 'strstr' differ in signedness [-Wpointer-sign]
  197 |         else if(strstr(rxu5_buffer,"Pitch")!=NULL){
      |                        ^~~~~~~~~~~
      |                        |
      |                        uint8_t * {aka unsigned char *}
../Core/Src/Data_Collect.c:197:24: note: expected 'const char *' but argument is of type 'uint8_t *' {aka 'unsigned char *'}
../Core/Src/Data_Collect.c:198:24: warning: pointer targets in passing argument 1 of 'sscanf' differ in signedness [-Wpointer-sign]
  198 |                 sscanf(rxu5_buffer, "Pitch=%f", &board_config.Imu_data.Pitch);
      |                        ^~~~~~~~~~~
      |                        |
      |                        uint8_t * {aka unsigned char *}
D:\soft\STM32CubeIDE_1.15.1\STM32CubeIDE\plugins\com.st.stm32cube.ide.mcu.externaltools.gnu-tools-for-stm32.12.3.rel1.win32_1.0.100.202403111256\tools\bin/../lib/gcc/arm-none-eabi/12.3.1/../../../../arm-none-eabi/include/stdio.h:210:17: note: expected 'const char * restrict' but argument is of type 'uint8_t *' {aka 'unsigned char *'}
  210 | int     sscanf (const char *__restrict, const char *__restrict, ...)
      |                 ^
../Core/Src/Data_Collect.c:198:45: warning: format '%f' expects argument of type 'float *', but argument 3 has type 'double *' [-Wformat=]
  198 |                 sscanf(rxu5_buffer, "Pitch=%f", &board_config.Imu_data.Pitch);
      |                                            ~^   ~~~~~~~~~~~~~~~~~~~~~~~~~~~~
      |                                             |   |
      |                                             |   double *
      |                                             float *
      |                                            %lf
../Core/Src/main.c: In function 'main':
../Core/Src/main.c:134:30: warning: statement with no effect [-Wunused-value]
  134 |   board_config.Net_4g.Status == Outline;
../Core/Src/main.c:148:7: warning: unused variable 'key_count' [-Wunused-variable]
  148 |   int key_count = 0;
      |       ^~~~~~~~~
../Core/Src/main.c:146:7: warning: unused variable 'http_flag' [-Wunused-variable]
  146 |   int http_flag = 0;
      |       ^~~~~~~~~
../Core/Src/main.c:145:29: warning: unused variable 'htpinit_flag' [-Wunused-variable]
  145 |   int mqtinit_flag = 1; int htpinit_flag = 1;
      |                             ^~~~~~~~~~~~
../Core/Src/main.c:145:7: warning: unused variable 'mqtinit_flag' [-Wunused-variable]
  145 |   int mqtinit_flag = 1; int htpinit_flag = 1;
      |       ^~~~~~~~~~~~
../Core/Src/main.c:144:7: warning: unused variable 'flag' [-Wunused-variable]
  144 |   int flag = 0;
      |       ^~~~
arm-none-eabi-gcc -o "XJDH_CLOUD.elf" @"objects.list"   -mcpu=cortex-m4 -T"C:\Users\32589\Desktop\11.18\XJDH_CLOUD(2)\XJDH_CLOUD\XJDH_CLOUD\STM32F405RGTX_FLASH.ld" --specs=nosys.specs -Wl,-Map="XJDH_CLOUD.map" -Wl,--gc-sections -static --specs=nano.specs -mfpu=fpv4-sp-d16 -mfloat-abi=hard -mthumb -u _printf_float -u _scanf_float -Wl,--start-group -lc -lm -Wl,--end-group
Finished building target: XJDH_CLOUD.elf
 
arm-none-eabi-size  XJDH_CLOUD.elf 
arm-none-eabi-objdump -h -S XJDH_CLOUD.elf  > "XJDH_CLOUD.list"
   text	   data	    bss	    dec	    hex	filename
  48260	    468	   9040	  57768	   e1a8	XJDH_CLOUD.elf
arm-none-eabi-objcopy  -O ihex XJDH_CLOUD.elf  "XJDH_CLOUD.hex"
Finished building: default.size.stdout
 
Finished building: XJDH_CLOUD.list
Finished building: XJDH_CLOUD.hex
 
arm-none-eabi-objcopy  -O binary XJDH_CLOUD.elf  "XJDH_CLOUD.bin"
 
Finished building: XJDH_CLOUD.bin
 

16:23:23 Build Finished. 0 errors, 35 warnings. (took 8s.557ms)

