15:40:30 **** Incremental Build of configuration Debug for project XJDH_CLOUD ****
make -j16 all 
arm-none-eabi-gcc "../Core/Src/pid.c" -mcpu=cortex-m4 -std=gnu11 -g3 -DDEBUG -DUSE_HAL_DRIVER -DSTM32F405xx -c -I../Core/Inc -I../Drivers/STM32F4xx_HAL_Driver/Inc -I../Drivers/STM32F4xx_HAL_Driver/Inc/Legacy -I../Drivers/CMSIS/Device/ST/STM32F4xx/Include -I../Drivers/CMSIS/Include -O0 -ffunction-sections -fdata-sections -Wall -fstack-usage -fcyclomatic-complexity -MMD -MP -MF"Core/Src/pid.d" -MT"Core/Src/pid.o" --specs=nano.specs -mfpu=fpv4-sp-d16 -mfloat-abi=hard -mthumb -o "Core/Src/pid.o"
../Core/Src/pid.c: In function 'PID_Motor_Contorl':
../Core/Src/pid.c:213:25: warning: implicit declaration of function 'printf' [-Wimplicit-function-declaration]
  213 |                         printf("current_heading:%f  target_bearing:%f  heading_error:%f\r\n",current_heading,target_bearing,heading_error);
      |                         ^~~~~~
../Core/Src/pid.c:9:1: note: include '<stdio.h>' or provide a declaration of 'printf'
    8 | #include "Data_Collect.h"
  +++ |+#include <stdio.h>
    9 | 
../Core/Src/pid.c:213:25: warning: incompatible implicit declaration of built-in function 'printf' [-Wbuiltin-declaration-mismatch]
  213 |                         printf("current_heading:%f  target_bearing:%f  heading_error:%f\r\n",current_heading,target_bearing,heading_error);
      |                         ^~~~~~
../Core/Src/pid.c:213:25: note: include '<stdio.h>' or provide a declaration of 'printf'
../Core/Src/pid.c:126:15: warning: unused variable 'speed_correction' [-Wunused-variable]
  126 |         float speed_correction = 0.0; // 速度校正�?
      |               ^~~~~~~~~~~~~~~~
../Core/Src/pid.c:125:15: warning: unused variable 'speed_error' [-Wunused-variable]
  125 |         float speed_error = 0.0; // 速度误差
      |               ^~~~~~~~~~~
../Core/Src/pid.c:124:15: warning: unused variable 'current_speed' [-Wunused-variable]
  124 |         float current_speed = 0.0; // 当前速度
      |               ^~~~~~~~~~~~~
../Core/Src/pid.c:123:15: warning: unused variable 'target_speed' [-Wunused-variable]
  123 |         float target_speed = 0.0; // 目标速度
      |               ^~~~~~~~~~~~
../Core/Src/pid.c:122:13: warning: unused variable 'return_flag' [-Wunused-variable]
  122 |         int return_flag = 0;
      |             ^~~~~~~~~~~
../Core/Src/pid.c:121:15: warning: unused variable 'return_heading' [-Wunused-variable]
  121 |         float return_heading = 0.0;
      |               ^~~~~~~~~~~~~~
../Core/Src/pid.c:109:15: warning: unused variable 'current_heading_before' [-Wunused-variable]
  109 |         float current_heading_before = 0.0;
      |               ^~~~~~~~~~~~~~~~~~~~~~
../Core/Src/pid.c: In function 'Update_Data':
../Core/Src/pid.c:253:9: warning: implicit declaration of function 'sprintf' [-Wimplicit-function-declaration]
  253 |         sprintf(jsonMessage,"{\"now_lon\":\"%f\",\"now_lat\":\"%f\",\"target_lon\":\"%f\",\"target_lat\":\"%f\",\"speed\":\"%s\",\"yaw\":\"%f\",\"left_pwm\":\"%f\",\"right_pwm\":\"%f\",\"distantce\":\"%f\",\"error\":\"%f\",\"target\":\"%f\"}\r\n",\
      |         ^~~~~~~
../Core/Src/pid.c:253:9: note: include '<stdio.h>' or provide a declaration of 'sprintf'
../Core/Src/pid.c:253:9: warning: incompatible implicit declaration of built-in function 'sprintf' [-Wbuiltin-declaration-mismatch]
../Core/Src/pid.c:253:9: note: include '<stdio.h>' or provide a declaration of 'sprintf'
../Core/Src/pid.c:255:47: warning: implicit declaration of function 'strlen' [-Wimplicit-function-declaration]
  255 |         HAL_UART_Transmit(&huart2,jsonMessage,strlen(jsonMessage),0xff);
      |                                               ^~~~~~
../Core/Src/pid.c:9:1: note: include '<string.h>' or provide a declaration of 'strlen'
    8 | #include "Data_Collect.h"
  +++ |+#include <string.h>
    9 | 
../Core/Src/pid.c:255:47: warning: incompatible implicit declaration of built-in function 'strlen' [-Wbuiltin-declaration-mismatch]
  255 |         HAL_UART_Transmit(&huart2,jsonMessage,strlen(jsonMessage),0xff);
      |                                               ^~~~~~
../Core/Src/pid.c:255:47: note: include '<string.h>' or provide a declaration of 'strlen'
../Core/Src/pid.c:255:35: warning: pointer targets in passing argument 2 of 'HAL_UART_Transmit' differ in signedness [-Wpointer-sign]
  255 |         HAL_UART_Transmit(&huart2,jsonMessage,strlen(jsonMessage),0xff);
      |                                   ^~~~~~~~~~~
      |                                   |
      |                                   char *
In file included from ../Core/Inc/stm32f4xx_hal_conf.h:411,
                 from ../Drivers/STM32F4xx_HAL_Driver/Inc/stm32f4xx_hal.h:29,
                 from ../Core/Src/pid.c:1:
../Drivers/STM32F4xx_HAL_Driver/Inc/stm32f4xx_hal_uart.h:745:79: note: expected 'const uint8_t *' {aka 'const unsigned char *'} but argument is of type 'char *'
  745 | HAL_StatusTypeDef HAL_UART_Transmit(UART_HandleTypeDef *huart, const uint8_t *pData, uint16_t Size, uint32_t Timeout);
      |                                                                ~~~~~~~~~~~~~~~^~~~~
../Core/Src/pid.c:253:239: warning: '"}
   ' directive writing 4 bytes into a region of size between 0 and 82 [-Wformat-overflow=]
  253 |         sprintf(jsonMessage,"{\"now_lon\":\"%f\",\"now_lat\":\"%f\",\"target_lon\":\"%f\",\"target_lat\":\"%f\",\"speed\":\"%s\",\"yaw\":\"%f\",\"left_pwm\":\"%f\",\"right_pwm\":\"%f\",\"distantce\":\"%f\",\"error\":\"%f\",\"target\":\"%f\"}\r\n",\
      |                                                                                                                                                                                                                                               ^~~~~~~
../Core/Src/pid.c:253:9: note: 'sprintf' output between 179 and 3348 bytes into a destination of size 256
  253 |         sprintf(jsonMessage,"{\"now_lon\":\"%f\",\"now_lat\":\"%f\",\"target_lon\":\"%f\",\"target_lat\":\"%f\",\"speed\":\"%s\",\"yaw\":\"%f\",\"left_pwm\":\"%f\",\"right_pwm\":\"%f\",\"distantce\":\"%f\",\"error\":\"%f\",\"target\":\"%f\"}\r\n",\
      |         ^~~~~~~~~~~~~~~~~~~~~~~~~~~~~~~~~~~~~~~~~~~~~~~~~~~~~~~~~~~~~~~~~~~~~~~~~~~~~~~~~~~~~~~~~~~~~~~~~~~~~~~~~~~~~~~~~~~~~~~~~~~~~~~~~~~~~~~~~~~~~~~~~~~~~~~~~~~~~~~~~~~~~~~~~~~~~~~~~~~~~~~~~~~~~~~~~~~~~~~~~~~~~~~~~~~~~~~~~~~~~~~~~~~~~~~~~~~~~~~~
  254 |                 lon1,lat1,lon2,lat2,board_config.gps.Speed,yaws,left_pwm,right_pwm,dis,error,target);
      |                 ~~~~~~~~~~~~~~~~~~~~~~~~~~~~~~~~~~~~~~~~~~~~~~~~~~~~~~~~~~~~~~~~~~~~~~~~~~~~~~~~~~~~
arm-none-eabi-gcc -o "XJDH_CLOUD.elf" @"objects.list"   -mcpu=cortex-m4 -T"C:\Users\32589\Desktop\11.22\XJDH_CLOUD(2)\XJDH_CLOUD(2)\XJDH_CLOUD(2)\XJDH_CLOUD(2)\XJDH_CLOUD\XJDH_CLOUD\STM32F405RGTX_FLASH.ld" --specs=nosys.specs -Wl,-Map="XJDH_CLOUD.map" -Wl,--gc-sections -static --specs=nano.specs -mfpu=fpv4-sp-d16 -mfloat-abi=hard -mthumb -u _printf_float -u _scanf_float -Wl,--start-group -lc -lm -Wl,--end-group
Finished building target: XJDH_CLOUD.elf
 
arm-none-eabi-size  XJDH_CLOUD.elf 
arm-none-eabi-objdump -h -S XJDH_CLOUD.elf  > "XJDH_CLOUD.list"
   text	   data	    bss	    dec	    hex	filename
  90648	    504	  85488	 176640	  2b200	XJDH_CLOUD.elf
arm-none-eabi-objcopy  -O ihex XJDH_CLOUD.elf  "XJDH_CLOUD.hex"
Finished building: default.size.stdout
Finished building: XJDH_CLOUD.list
 
Finished building: XJDH_CLOUD.hex
 
arm-none-eabi-objcopy  -O binary XJDH_CLOUD.elf  "XJDH_CLOUD.bin"
 
Finished building: XJDH_CLOUD.bin
 
